// Jest Snapshot v1, https://goo.gl/fbAQLP

exports[`ToolbarContainer should renders as connected 1`] = `
<Component
  activeContext="arrow"
  onClickAddSlide={[Function]}
  onClickContext={[Function]}
  onClickCursor={[Function]}
  onClickTextbox={[Function]}
  store={
    Object {
      "clearActions": [Function],
      "dispatch": [Function],
      "getActions": [Function],
      "getState": [Function],
      "replaceReducer": [Function],
      "subscribe": [Function],
    }
  }
  storeSubscription={
    Subscription {
      "listeners": Object {
        "clear": [Function],
        "get": [Function],
        "notify": [Function],
        "subscribe": [Function],
      },
      "onStateChange": [Function],
      "parentSub": undefined,
      "store": Object {
        "clearActions": [Function],
        "dispatch": [Function],
        "getActions": [Function],
        "getState": [Function],
        "replaceReducer": [Function],
        "subscribe": [Function],
      },
      "unsubscribe": [Function],
    }
  }
/>
`;

exports[`ToolbarContainer should renders default 1`] = `
<Toolbar
  items={
    Array [
      Object {
        "icon": <Styled(Component) />,
        "isActive": false,
        "onClick": [Function],
      },
      Object {
        "icon": <Styled(Component) />,
        "isActive": true,
        "onClick": [Function],
      },
      Object {
        "icon": <Styled(Component) />,
        "isActive": false,
        "onClick": [Function],
      },
    ]
  }
/>
`;
